// Jest Snapshot v1, https://goo.gl/fbAQLP

exports[`alert renders correctly 1`] = `
<styled.div
  success={true}
>
  <span>
    error
  </span>
  <span
    className="close-button"
    onClick={[Function]}
  >
    âœ–
  </span>
</styled.div>
`;
